// Jest Snapshot v1, https://goo.gl/fbAQLP

exports[`<TextField /> should render with label 1`] = `
.c1 {
  display: -webkit-box;
  display: -webkit-flex;
  display: -ms-flexbox;
  display: flex;
  background: #EAEAEA;
  border-radius: 0.2rem;
  border: 0.2rem solid;
  border-color: #EAEAEA;
}

.c1:focus-within {
  box-shadow: 0 0 0 0.5rem #F231A5;
}

.c2 {
  width: 100%;
  color: #030517;
  font-family: Poppins,-apple-system,BlinkMacSystemFont,'Segoe UI',Roboto,Oxygen,Ubuntu,Cantarell,'Open Sans','Helvetica Neue',sans-serif;
  font-size: 1.4rem;
  padding: 0.8rem;
  background-color: transparent;
  border: 0;
  outline: none;
  display: -webkit-box;
  display: -webkit-flex;
  display: -ms-flexbox;
  display: flex;
  -webkit-box-pack: center;
  -webkit-justify-content: center;
  -ms-flex-pack: center;
  justify-content: center;
  -webkit-flex-direction: row-reverse;
  -ms-flex-direction: row-reverse;
  flex-direction: row-reverse;
}

.c0 {
  font-size: 1.4rem;
  color: #030517;
  cursor: pointer;
}

<section
  class=""
>
  <label
    class="c0"
    for="email"
  >
    E-mail
  </label>
  <div
    class="c1"
  >
    <input
      class="c2"
      type="text"
      value=""
    />
  </div>
</section>
`
