// Jest Snapshot v1, https://goo.gl/fbAQLP

exports[`<GameCard /> should render correctly 1`] = `
.c0 {
  display: inline-block;
  vertical-align: middle;
  overflow: hidden;
}

.c1 {
  display: -webkit-inline-box;
  display: -webkit-inline-flex;
  display: -ms-inline-flexbox;
  display: inline-flex;
  -webkit-align-items: center;
  -webkit-box-align: center;
  -ms-flex-align: center;
  align-items: center;
  -webkit-box-pack: center;
  -webkit-justify-content: center;
  -ms-flex-pack: center;
  justify-content: center;
  background: linear-gradient(180deg,#ff5f5f 0%,#f062c0 50%);
  color: #FAFAFA;
  border: 0;
  border-radius: 0.4rem;
  padding: 0.8rem;
  cursor: pointer;
  -webkit-text-decoration: none;
  text-decoration: none;
  height: 3rem;
  font-size: 1.2rem;
}

.c1:hover {
  background: linear-gradient(180deg,#e35565 0%,#d958a6 50%);
}

.c1 svg {
  width: 1.5rem;
}

.c1 svg + span {
  margin-left: 0.8rem;
}

<article
  class=""
>
  <div
    class=""
  >
    <img
      alt="Population Zero"
      src="https://source.unsplash.com/user/willianjusten/300x140"
    />
  </div>
  <div
    class=""
  >
    <h3
      class=""
    >
      Population Zero
    </h3>
    <h4
      class=""
    >
      Rockstar Games
    </h4>
  </div>
  <div
    class=""
    role="button"
  >
    <svg
      aria-hidden="true"
      aria-label="Add to Wishlist"
      class="c0"
      fill="currentColor"
      focusable="false"
      viewBox="0 0 24 24"
      xmlns="http://www.w3.org/2000/svg"
    >
      <path
        d="M0 0h24v24H0V0z"
        fill="none"
      />
      <path
        d="M16.5 3c-1.74 0-3.41.81-4.5 2.09C10.91 3.81 9.24 3 7.5 3 4.42 3 2 5.42 2 8.5c0 3.78 3.4 6.86 8.55 11.54L12 21.35l1.45-1.32C18.6 15.36 22 12.28 22 8.5 22 5.42 19.58 3 16.5 3zm-4.4 15.55l-.1.1-.1-.1C7.14 14.24 4 11.39 4 8.5 4 6.5 5.5 5 7.5 5c1.54 0 3.04.99 3.57 2.36h1.87C13.46 5.99 14.96 5 16.5 5c2 0 3.5 1.5 3.5 3.5 0 2.89-3.14 5.74-7.9 10.05z"
      />
    </svg>
  </div>
  <div
    class=""
  >
    <div
      class=""
    >
      R$ 250.00
    </div>
    <button
      class="c1"
    >
      <svg
        aria-hidden="true"
        class="c0"
        fill="currentColor"
        focusable="false"
        viewBox="0 0 24 24"
        xmlns="http://www.w3.org/2000/svg"
      >
        <path
          d="M0 0h24v24H0V0z"
          fill="none"
        />
        <path
          d="M11 9h2V6h3V4h-3V1h-2v3H8v2h3v3zm-4 9c-1.1 0-1.99.9-1.99 2S5.9 22 7 22s2-.9 2-2-.9-2-2-2zm10 0c-1.1 0-1.99.9-1.99 2s.89 2 1.99 2 2-.9 2-2-.9-2-2-2zm-8.9-5h7.45c.75 0 1.41-.41 1.75-1.03l3.86-7.01L19.42 4l-3.87 7H8.53L4.27 2H1v2h2l3.6 7.59-1.35 2.44C4.52 15.37 5.48 17 7 17h12v-2H7l1.1-2z"
        />
      </svg>
    </button>
  </div>
</article>
`
